ESP-ROM:esp32s3-20210327
Build:Mar 27 2021
rst:0x15 (USB_UART_CHIP_RESET),boot:0x2b (SPI_FAST_FLASH_BOOT)
Saved PC:0x40048df9
SPIWP:0xee
mode:DIO, clock div:1
load:0x3fce2810,len:0x178c
load:0x403c8700,len:0x4
load:0x403c8704,len:0xcb8
load:0x403cb700,len:0x2db0
entry 0x403c8914
[0;32mI (26) boot: ESP-IDF v5.3 2nd stage bootloader[0m
[0;32mI (27) boot: compile time Sep  2 2024 01:04:59[0m
[0;32mI (27) boot: Multicore bootloader[0m
[0;32mI (30) boot: chip revision: v0.2[0m
[0;32mI (33) boot.esp32s3: Boot SPI Speed : 80MHz[0m
[0;32mI (38) boot.esp32s3: SPI Mode       : DIO[0m
[0;32mI (43) boot.esp32s3: SPI Flash Size : 2MB[0m
[0;32mI (48) boot: Enabling RNG early entropy source...[0m
[0;32mI (53) boot: Partition Table:[0m
[0;32mI (57) boot: ## Label            Usage          Type ST Offset   Length[0m
[0;32mI (64) boot:  0 nvs              WiFi data        01 02 00009000 00006000[0m
[0;32mI (71) boot:  1 phy_init         RF data          01 01 0000f000 00001000[0m
[0;32mI (79) boot:  2 factory          factory app      00 00 00010000 00100000[0m
[0;32mI (86) boot: End of partition table[0m
[0;32mI (91) esp_image: segment 0: paddr=00010020 vaddr=3c020020 size=0a898h ( 43160) map[0m
[0;32mI (107) esp_image: segment 1: paddr=0001a8c0 vaddr=3fc92600 size=02a64h ( 10852) load[0m
[0;32mI (110) esp_image: segment 2: paddr=0001d32c vaddr=40374000 size=02cech ( 11500) load[0m
[0;32mI (118) esp_image: segment 3: paddr=00020020 vaddr=42000020 size=18a40h (100928) map[0m
[0;32mI (142) esp_image: segment 4: paddr=00038a68 vaddr=40376cec size=0b864h ( 47204) load[0m
[0;32mI (159) boot: Loaded app from partition at offset 0x10000[0m
[0;32mI (159) boot: Disabling RNG early entropy source...[0m
[0;32mI (171) cpu_start: Multicore app[0m
[0;32mI (180) cpu_start: Pro cpu start user code[0m
[0;32mI (180) cpu_start: cpu freq: 160000000 Hz[0m
[0;32mI (180) app_init: Application information:[0m
[0;32mI (183) app_init: Project name:     blank-test[0m
[0;32mI (188) app_init: App version:      1[0m
[0;32mI (193) app_init: Compile time:     Sep  2 2024 01:04:54[0m
[0;32mI (199) app_init: ELF file SHA256:  5e64c04b6...[0m
[0;32mI (204) app_init: ESP-IDF:          v5.3[0m
[0;32mI (209) efuse_init: Min chip rev:     v0.0[0m
[0;32mI (213) efuse_init: Max chip rev:     v0.99 [0m
[0;32mI (218) efuse_init: Chip rev:         v0.2[0m
[0;32mI (223) heap_init: Initializing. RAM available for dynamic allocation:[0m
[0;32mI (230) heap_init: At 3FC95930 len 00053DE0 (335 KiB): RAM[0m
[0;32mI (236) heap_init: At 3FCE9710 len 00005724 (21 KiB): RAM[0m
[0;32mI (242) heap_init: At 3FCF0000 len 00008000 (32 KiB): DRAM[0m
[0;32mI (249) heap_init: At 600FE100 len 00001EE8 (7 KiB): RTCRAM[0m
[0;32mI (256) spi_flash: detected chip: gd[0m
[0;32mI (259) spi_flash: flash io: dio[0m
[0;33mW (263) spi_flash: Detected size(16384k) larger than the size in the binary image header(2048k). Using the size in the binary image header.[0m
[0;32mI (276) sleep: Configure to isolate all GPIO pins in sleep state[0m
[0;32mI (283) sleep: Enable automatic switching of GPIO sleep configuration[0m
[0;32mI (291) main_task: Started on CPU0[0m
[0;32mI (301) main_task: Calling app_main()[0m
[0;32mI (301) Blink: Example configured to blink GPIO LED![0m
[0;32mI (301) gpio: GPIO[48]| InputEn: 0| OutputEn: 0| OpenDrain: 0| Pullup: 1| Pulldown: 0| Intr:0 [0m
[0;32mI (811) Blink: timer_callback: Turning the LED OFF![0m
[0;32mI (1311) Blink: timer_callback: Turning the LED ON![0m
[0;32mI (1811) Blink: timer_callback: Turning the LED OFF![0m
[0;32mI (2311) Blink: timer_callback: Turning the LED ON![0m
[0;32mI (2811) Blink: timer_callback: Turning the LED OFF![0m
[0;32mI (3311) Blink: timer_callback: Turning the LED ON![0m
[0;32mI (3811) Blink: timer_callback: Turning the LED OFF![0m
[0;32mI (4311) Blink: timer_callback: Turning the LED ON![0m
[0;32mI (4811) Blink: timer_callback: Turning the LED OFF![0m
[0;32mI (5311) Blink: timer_callback: Turning the LED ON![0m
[0;32mI (5811) Blink: timer_callback: Turning the LED OFF![0m
[0;32mI (6311) Blink: timer_callback: Turning the LED ON![0m
[0;32mI (6811) Blink: timer_callback: Turning the LED OFF![0m
[0;32mI (7311) Blink: timer_callback: Turning the LED ON![0m
[0;32mI (7811) Blink: timer_callback: Turning the LED OFF![0m
[0;32mI (8311) Blink: timer_callback: Turning the LED ON![0m
[0;32mI (8811) Blink: timer_callback: Turning the LED OFF![0m
[0;32mI (9311) Blink: timer_callback: Turning the LED ON![0m
[0;32mI (9811) Blink: timer_callback: Turning the LED OFF![0m
[0;32mI (10311) Blink: timer_callback: Turning the LED ON![0m
[0;32mI (10811) Blink: timer_callback: Turning the LED OFF![0m
[0;32mI (11311) Blink: timer_callback: Turning the LED ON![0m
[0;32mI (11811) Blink: timer_callback: Turning the LED OFF![0m
[0;32mI (12311) Blink: timer_callback: Turning the LED ON![0m
[0;32mI (12811) Blink: timer_callback: Turning the LED OFF![0m
[0;32mI (13311) Blink: timer_callback: Turning the LED ON![0m
[0;32mI (13811) Blink: timer_callback: Turning the LED OFF![0m
[0;32mI (14311) Blink: timer_callback: Turning the LED ON![0m
[0;32mI (14811) Blink: timer_callback: Turning the LED OFF![0m
[0;32mI (15311) Blink: timer_callback: Turning the LED ON![0m
[0;32mI (15811) Blink: timer_callback: Turning the LED OFF![0m
[0;32mI (16311) Blink: timer_callback: Turning the LED ON![0m
[0;32mI (16811) Blink: timer_callback: Turning the LED OFF![0m
[0;32mI (17311) Blink: timer_callback: Turning the LED ON![0m
[0;32mI (17811) Blink: timer_callback: Turning the LED OFF![0m
[0;32mI (18311) Blink: timer_callback: Turning the LED ON![0m
[0;32mI (18811) Blink: timer_callback: Turning the LED OFF![0m
